---
source: src/ui/draw_blocks/inspect.rs
expression: setup.terminal.backend()
---
"╭───────────────────── inspecting: postgres 0bdea642  - c or Esc or i to exit ─────────────────────╮"
"│rting": false,                                                                                    │"
"│lled": false,                                                                                     │"
"│: false,                                                                                          │"
"│ 782,                                                                                             │"
"│ode": 0,                                                                                          │"
"│": "",                                                                                            │"
"│edAt": "2026-01-30T08:09:01.574885915Z",                                                          │"
"│hedAt": "2026-01-30T08:09:01.180567927Z"                                                          │"
"│                                                                                                  │"
"│ "sha256:aa3668fcbcb5ded731b7d5c27065a4edf545debb7f27bf514c709b1b4e032352",                       │"
"│onfPath": "/var/lib/docker/containers/0bdea64212f9c75eb4a1184dd406c2c79a986a7a889a23c85358456cc1bb│"
"│ePath": "/var/lib/docker/containers/0bdea64212f9c75eb4a1184dd406c2c79a986a7a889a23c85358456cc1bb60│"
"│th": "/var/lib/docker/containers/0bdea64212f9c75eb4a1184dd406c2c79a986a7a889a23c85358456cc1bb60c7/│"
"│": "/var/lib/docker/containers/0bdea64212f9c75eb4a1184dd406c2c79a986a7a889a23c85358456cc1bb60c7/0b│"
"│"/postgres",                                                                                      │"
"│Count": 0,                                                                                        │"
"│: "overlay2",                                                                                     │"
"│m": "linux",                                                                                      │"
"│bel": "",                                                                                         │"
"│Label": "",                                                                                       │"
"│rProfile": "",                                                                                    │"
"│fig": {                                                                                           │"
"│ares": 0,                                                                                         │"
"│y": 1073741824,                                                                                   │"
"│pParent": "",                                                                                     │"
"│Weight": 0,                                                                                       │"
"│riod": 0,                                                                                         │"
"│ota": 0,                                                                                          │"
"│altimePeriod": 0,                                                                                 │"
"│altimeRuntime": 0,                                                                                │"
"│tCpus": "",                                                                                       │"
"│tMems": "",                                                                                       │"
"│yReservation": 0,                                                                                 │"
"│ySwap": 2147483648,                                                                               │"
"│pus": 0,                                                                                          │"
"│llDisable": false,                                                                                │"
"│unt": 0,                                                                                          │"
"│rcent": 0,                                                                                        │"
"│imumIOps": 0,                                                                                     │"
"│imumBandwidth": 0,                                                                                │"
"│inerIDFile": "",                                                                                  │"
"│nfig": {                                                                                          │"
"│e": "json-file",                                                                                  │"
"│fig": {}                                                                                          │"
"│                                                                                                  │"
"│rkMode": "oxker-examaple-net",                                                                    │"
"│indings": {},                                                                                     │"
"│rtPolicy": {                                                                                      │"
"╰──────────────────────────────────── ↑  10/158 ↓  ←  10/972 → ────────────────────────────────────╯"
