---
source: src/ui/draw_blocks/delete_confirm.rs
expression: setup.terminal.backend()
---
"                                                                                  "
"        ╭──────────────────────── Confirm Delete ────────────────────────╮        "
"        │                                                                │        "
"        │     Are you sure you want to delete container: container_1     │        "
"        │                                                                │        "
"        │      ╭─────────────────────╮      ╭─────────────────────╮      │        "
"        │      │     ( End ) no      │      │     ( F10 ) yes     │      │        "
"        │      ╰─────────────────────╯      ╰─────────────────────╯      │        "
"        ╰────────────────────────────────────────────────────────────────╯        "
"                                                                                  "
