---
source: src/ui/draw_blocks/ports.rs
expression: setup.terminal.backend()
---
"╭─────────── ports ────────────╮"
"│       ip   private   public  │"
"│               8001           │"
"│               8002           │"
"│127.0.0.1      8003     8003  │"
"│                              │"
"│                              │"
"╰──────────────────────────────╯"
