---
source: src/ui/draw_blocks/charts.rs
expression: setup.terminal.backend()
---
"╭───────────── cpu 00.00% ─────────────╮╭─────────── memory 0.00 kB ───────────╮"
"│00.00%│                               ││0.00 kB│                              │"
"│      │                               ││       │                              │"
"│      │                               ││       │                              │"
"│      │                               ││       │                              │"
"│      │                               ││       │                              │"
"│      │                               ││       │                              │"
"│      │                               ││       │                              │"
"│      │                               ││       │                              │"
"╰──────────────────────────────────────╯╰──────────────────────────────────────╯"
