---
source: src/ui/draw_blocks/charts.rs
expression: setup.terminal.backend()
---
"╭───────────── cpu 03.00% ─────────────╮╭────────── memory 30.00 kB ───────────╮"
"│10.00%│    •                          ││100.00 kB│   ••                       │"
"│      │   ••                          ││         │   ••                       │"
"│      │  •••                          ││         │  • •                       │"
"│      │  • •                          ││         │ •  •                       │"
"│      │ •   ••                        ││         │••  ••                      │"
"│      │•    •                         ││         │•   •                       │"
"│      │•    •                         ││         │•   •                       │"
"│      │                               ││         │                            │"
"╰──────────────────────────────────────╯╰──────────────────────────────────────╯"
