---
source: src/ui/draw_blocks/help.rs
expression: setup.terminal.backend()
---
"                                                                                                                            "
"   ╭ 0.00.000 ──────────────────────────────────────────────────────────────────────────────────────────────────────────╮   "
"   │                          88                                                                                        │   "
"   │                          88                                                                                        │   "
"   │  ,adPPYba,  8b,     ,d8  88   ,d8   ,adPPYba,  8b,dPPYba,                                                          │   "
"   │ a8"     "8a  `Y8, ,8P'   88 ,a8"   a8P_____88  88P'   "Y8    config location: /home/user/.config/oxker/config.toml │   "
"   │ 8b       d8    )888(     8888(     8PP"""""""  88            export location:                            /test_dir │   "
"   │ "8a,   ,a8"  ,d8" "8b,   88`"Yba,  "8b,   ,aa  88              logs timezone:                              Etc/UTC │   "
"   │  `"YbbdP"'  8P'     `Y8  88   `Y8a  `"Ybbd8"'  88                                                                  │   "
"   │                                                          a work in progress, all and any input appreciated         │   "
"   │     A simple tui to view & control docker containers               https://github.com/mrjackwills/oxker            │   "
"   │                                                                                                                    │   "
"   │                                                       Keymap                                                       │   "
"   │ 0 1                        quit                       a b             close dialog                                 │   "
"   │ 4 Caps Lock 5 Scroll Lock  scroll vertically          q s r t         scroll horizontally                          │   "
"   │ 8 9                        scroll to start            6 7             scroll to end                                │   "
"   │ Alt                        increase scroll speed      Enter           send docker command                          │   "
"   │ g h                        exec into a container      i j             container inspect mode                       │   "
"   │ k l                        filter mode                m n             log search mode                              │   "
"   │ F7 F8                      toggle this panel          o p             force clear screen and redraw                │   "
"   │ u w v x                    change log section height  y z             toggle of section visibility                 │   "
"   │ Begin Tab                  sort by name               Page Up F1      sort by state                                │   "
"   │ Print Screen F2            sort by status             Down Esc        sort by CPU                                  │   "
"   │ Home Page Down             sort by memory             Back Tab Insert sort by ID                                   │   "
"   │ End Menu                   sort by Image              Num Lock Pause  sort by RX                                   │   "
"   │ F3 F4                      sort by TX                 F5 F6           stop sort                                    │   "
"   │ Print Screen Left Up Right change panel               F9 F10          toggle mouse capture - allows text selection │   "
"   │ 2 3                        save logs to file                                                                       │   "
"   ╰────────────────────────────────────────────────────────────────────────────────────────────────────────────────────╯   "
"                                                                                                                            "
