---
source: src/ui/draw_blocks/error.rs
expression: setup.terminal.backend()
---
"                                       "
" ╭────────────── Error ──────────────╮ "
" │                                   │ "
" │   Unable to exec into container   │ "
" │                                   │ "
" │      ( Back Tab ) clear error     │ "
" │                                   │ "
" │         ( F4 ) quit oxker         │ "
" │                                   │ "
" ╰───────────────────────────────────╯ "
"                                       "
